NAME:-VEDSAR KUSHWAHA
ENROLL:-53515
STUDENT ID:-51060






QUESTION 1:

SQL> create table messages(results varchar2(60));

Table created.

SQL> declare
  2  a number(10):=1;
  3  begin
  4  loop
  5  if((a=6) or (a=8)) then
  6  a:=a+1;
  7  end if;
  8  insert into messages values(a);
  9  a:=a+1;
 10  exit when a>10;
 11  end loop;
 12  commit;
 13  end;
 14  /

PL/SQL procedure successfully completed.

SQL> select * from messages;

RESULTS                                                                         
------------------------------------------------------------                    
1                                                                               
2                                                                               
3                                                                               
4                                                                               
5                                                                               
7                                                                               
9                                                                               
10                                                                              

8 rows selected.




QUESTION 2:

  1  declare
  2  cursor ques2 is select employee_id,last_name from employees;
  3  id employees.employee_id%type;
  4  name employees.first_name%type;
  5  begin
  6  open ques2;
  7  loop
  8  fetch ques2 into id,name;
  9  dbms_output.put_line(id||' '||name);
 10  exit when ques2%rowcount>=5;
 11  end loop;
 12  close ques2;
 13* end;
SQL> /
100 King                                                                        
101 Kochhar                                                                     
102 De Haan                                                                     
103 Hunold                                                                      
104 Ernst                                                                       

PL/SQL procedure successfully completed.




QUESTION 3:

  1  declare
  2  cursor ques3 is select first_name,last_name,employee_id,salary from employees order by salary desc;
  3  id employees.employee_id%type;
  4  f_name employees.first_name%type;
  5  l_name employees.last_name%type;
  6  sal employees.salary%type:=0;
  7  dup employees.salary%type;
  8  num number:=&n;
  9  begin
 10  open ques3;
 11  loop
 12  dup:=sal;
 13  fetch ques3 into f_name,l_name,id,sal;
 14  if( not (sal=dup)) then
 15  dbms_output.put_line(f_name||' '||l_name||' '||id||' '||sal);
 16  else
 17  num:=num+1;
 18  end if;
 19  exit when ques3%rowcount>=num;
 20  end loop;
 21  close ques3;
 22* end;
SQL> /
Enter value for n: 3
old   8: num number:=&n;
new   8: num number:=3;
Steven King 100 24000                                                           
Neena Kochhar 101 17000                                                         
John Russell 145 14000                                                          

PL/SQL procedure successfully completed.

SQL> /
Enter value for n: 10
old   8: num number:=&n;
new   8: num number:=10;
Steven King 100 24000                                                           
Neena Kochhar 101 17000                                                         
John Russell 145 14000                                                          
Karen Partners 146 13500                                                        
Michael Hartstein 201 13000                                                     
Nancy Greenberg 108 12000                                                       
Lisa Ozer 168 11500                                                             
Ellen Abel 174 11000                                                            
Eleni Zlotkey 149 10500                                                         
Janette King 156 10000                                                          

PL/SQL procedure successfully completed.




QUESTION 4:

  1  declare
  2  name varchar2(100);
  3  sal number(10);
  4  begin
  5  select first_name||' '||last_name,salary into name,sal from employees where salary=&s;
  6  insert into messages values(name,sal);
  7  exception
  8  when no_data_found then
  9  insert into messages values('no employess with this salary',sal);
 10  when too_many_rows then
 11  insert into messages values('more than one employee with this salary',sal);
 12  when others then
 13  insert into messages values('some other error occured',sal);
 14* end;
 15  /
old   5: select first_name||' '||last_name,salary into name,sal from employees where salary=&s;
new   5: select first_name||' '||last_name,salary into name,sal from employees where salary=14000;

PL/SQL procedure successfully completed.

SQL> select * from messages;

NAME                                                                            
--------------------------------------------------------------------------------
    SALARY                                                                      
----------                                                                      
John Russell                                                                    
     14000                                                                      

SQL> define s=10000
  1  declare
  2  name varchar2(100);
  3  sal number(10);
  4  begin
  5  select first_name||' '||last_name,salary into name,sal from employees where salary=&s;
  6  insert into messages values(name,sal);
  7  exception
  8  when no_data_found then
  9  insert into messages values('no employess with this salary',sal);
 10  when too_many_rows then
 11  insert into messages values('more than one employee with this salary',sal);
 12  when others then
 13  insert into messages values('some other error occured',sal);
 14* end;
SQL> /
old   5: select first_name||' '||last_name,salary into name,sal from employees where salary=&s;
new   5: select first_name||' '||last_name,salary into name,sal from employees where salary=10000;

PL/SQL procedure successfully completed.

SQL> select * from messages;

NAME                                                                            
--------------------------------------------------------------------------------
    SALARY                                                                      
----------                                                                      
                                                                                
John Russell                                                                    
     14000                                                                      
                                                                                

NAME                                                                            
--------------------------------------------------------------------------------
    SALARY                                                                      
----------                                                                      
more than one employee with this salary                                         
                                                                                
                                                                                


QUESTION 5:

SQL> edit p3q3.sql

SQL> define p_deptno=200
SQL> define p_loc=1400
SQL> declare
  2  id number(10);
  3  id_d number(10);
  4  begin
  5  select department_id,location_id into id,id_d from departments where department_id=&p_deptno and location_id=&p_loc;
  6  dbms_output.put_line(id||' '||id_d);
  7  exception
  8  when no_data_found then
  9  dbms_output.put_line('No such department exists');
 10  when too_many_rows then
 11  dbms_output.put_line('Multiple departments found');
 12  when others then
 13  dbms_output.put_line('Unexpected error occurs');
 14  end;
 15  /
old   5: select department_id,location_id into id,id_d from departments where department_id=&p_deptno and location_id=&p_loc;
new   5: select department_id,location_id into id,id_d from departments where department_id=200 and location_id=1400;
No such department exists                                                       

PL/SQL procedure successfully completed.




QUESTION 6:

SQL> create table mera_jobs(jobid varchar2(10),jobtitle varchar2(30));

Table created.


SQL>  create or replace procedure upd_job(a varchar2,b varchar2) is
   2  begin
   3  insert into mera_jobs values(a,b);
   4  end;
   5  /

Procedure created.

SQL> call upd_job('IT_DBA','Database Administrator');

Call completed.

SQL> select * from mera_jobs;

JOBID      JOBTITLE                                                             
---------- ------------------------------                                       
IT_DBA     Database Administrator                                               




QUESTION 7:

SQL> ed
Wrote file h:\.sql

  1  create or replace procedure up_job(a varchar2,b varchar2) is
  2  id varchar2(20);
  3  begin
  4  select jobid into id from mera_jobs where jobid=a;
  5  update mera_jobs set jobtitle=b where jobid=a;
  6  exception
  7  when no_data_found then
  8  dbms_output.put_line('No update done');
  9* end;
SQL> /

Procedure created.

SQL> call upd_job('IT_DBA','Data Administrator');

Call completed.

SQL> select * from mera_jobs;

JOBID      JOBTITLE                                                             
---------- ------------------------------                                       
IT_DBA     Data Administrator                                                   

SQL> call up_job('IT_WEB','Web Master');
No update done                                                                  

Call completed.




QUESTION 8:

SQL> create or replace procedure query_emp(a number) is
  2  name varchar2(100);
  3  begin
  4  select first_name||' '||last_name into name from employees where employee_id=a;
  5  dbms_output.put_line(a||' '||name);
  6  end;
  7  /

Procedure created.

SQL> call query_emp(100);
100 Steven King                                                                 

Call completed.




QUESTION 9:

  1  create or replace function q_job(a varchar2) return varchar2
  2  is
  3  title varchar2(50);
  4  begin
  5  select job_title into title from jobs where job_id=a;
  6  return title;
  7* end;
SQL> /

Function created.

SQL> select q_job('ST_MAN') from dual;

Q_JOB('ST_MAN')                                                                 
--------------------------------------------------------------------------------
Stock Manager                                                                   




QUESTION 10:

SQL> ed
Wrote file h:\.sql

  1  create or replace function test_did(a number) return boolean
  2  is
  3  id number(4):=NULL;
  4  begin
  5  select department_id into id from departments where department_id=a;
  6  if(id is null) then
  7  return false;
  8  else
  9  return true;
 10  end if;
 11* end;
SQL> /

Function created.

SQL> ed
Wrote file h:\.sql

  1  create or replace procedure new_emp(id number,l_name varchar2,e_email varchar2,h_date date,j_id varchar2,d_id number)
  2  is
  3  wrong_did exception;
  4  pragma exception_init(wrong_did,-20222);
  5  begin
  6  if(test_did(d_id)) then
  7  insert into employees(employee_id,last_name,email,hire_date,job_id,department_id) values(id,l_name,e_email,h_date,j_id,d_id);
  8  else
  9  raise wrong_did;
 10  end if;
 11  exception
 12  when wrong_did then
 13  dbms_output.put_line('Wrong department_id entered');
 14* end;
SQL> /

Procedure created.

SQL> call new_emp(210,'test','testmail',sysdate,'SH_CLERK',100);

Call completed.